// Jest Snapshot v1, https://goo.gl/fbAQLP

exports[`StandardSQS Construct matches the snapshot 1`] = `
"{
  "resource": {
    "aws_sqs_queue": {
      "app_SampleQueue_78EA3415": {
        "name": "SampleQueue"
      }
    }
  }
}"
`;
