// Jest Snapshot v1, https://goo.gl/fbAQLP

exports[`StandardLambda Construct matches the snapshot 1`] = `
"{
  "resource": {
    "aws_cloudwatch_log_group": {
      "SampleLambda_lambda-log-group_01B09A61": {
        "name": "/aws/lambda/SampleLambda",
        "retention_in_days": 30
      }
    },
    "aws_iam_role": {
      "SampleLambda_SampleLambda-role_5F8F2B8D": {
        "assume_role_policy": "{\\"Version\\":\\"2012-10-17\\",\\"Statement\\":[{\\"Action\\":\\"sts:AssumeRole\\",\\"Principal\\":{\\"Service\\":\\"lambda.amazonaws.com\\"},\\"Effect\\":\\"Allow\\",\\"Sid\\":\\"\\"}]}",
        "name": "SampleLambda-role"
      }
    },
    "aws_iam_role_policy_attachment": {
      "SampleLambda_lambda-managed-policy_76CD1947": {
        "policy_arn": "arn:aws:iam::aws:policy/service-role/AWSLambdaBasicExecutionRole",
        "role": "\${aws_iam_role.SampleLambda_SampleLambda-role_5F8F2B8D.name}"
      }
    },
    "aws_lambda_function": {
      "SampleLambda_1DD81F2F": {
        "filename": "assets/SampleLambda_asset_2FC1DAF6/A004FBF4B54E411C41147BB16FD0A68B/archive.zip",
        "function_name": "SampleLambda",
        "handler": "lambda_function.lambda_handler",
        "role": "\${aws_iam_role.SampleLambda_SampleLambda-role_5F8F2B8D.arn}",
        "runtime": "python3.9",
        "source_code_hash": "A004FBF4B54E411C41147BB16FD0A68B"
      }
    }
  }
}"
`;
