// Jest Snapshot v1, https://goo.gl/fbAQLP

exports[`My CDKTF Application Unit testing using snapshots Tests the snapshot 1`] = `
"{
  "provider": {
    "aws": [
      {
        "region": "ap-southeast-2"
      }
    ]
  },
  "resource": {
    "aws_sqs_queue": {
      "MyQueue2": {
        "name": "MyQueue2"
      }
    }
  },
  "terraform": {
    "required_providers": {
      "aws": {
        "source": "aws",
        "version": "4.60.0"
      }
    }
  }
}"
`;
